// Jest Snapshot v1, https://goo.gl/fbAQLP

exports[`App tests should render default App component 1`] = `
<Fragment>
  <BackgroundImage
    className=""
    src={
      Object {
        "filter": "test-file-stub#image_overlay",
        "lg": "test-file-stub",
        "sm": "test-file-stub",
        "sm2x": "test-file-stub",
        "xs": "test-file-stub",
        "xs2x": "test-file-stub",
      }
    }
  />
  <Component
    header={<Unknown />}
    sidebar={<Sidebar />}
  >
    <Routes />
  </Component>
</Fragment>
`;

exports[`App tests should render the dashboard route 1`] = `
<Router
  history={
    Object {
      "action": "POP",
      "block": [Function],
      "canGo": [Function],
      "createHref": [Function],
      "entries": Array [
        Object {
          "hash": "",
          "key": "dashboard",
          "pathname": "/",
          "search": "",
        },
      ],
      "go": [Function],
      "goBack": [Function],
      "goForward": [Function],
      "index": 0,
      "length": 1,
      "listen": [Function],
      "location": Object {
        "hash": "",
        "key": "dashboard",
        "pathname": "/",
        "search": "",
      },
      "push": [Function],
      "replace": [Function],
    }
  }
>
  <App
    appName="Sample UI"
  />
</Router>
`;
